// Jest Snapshot v1, https://goo.gl/fbAQLP

exports[`Navbar Navbar rendered correctly 1`] = `
Object {
  "asFragment": [Function],
  "baseElement": <body>
    <div>
      <header
        class="navbar"
      >
        <div
          class="logoInfo"
        >
          <img
            alt=""
            src="planet.png"
          />
          <h1
            class="navHeader"
          >
            Space Traveller's Hub
          </h1>
        </div>
        <div
          class="links"
        >
          <a
            activeclassname="active"
            aria-current="page"
            class="active"
            href="/"
          >
            Rockets
          </a>
          <a
            class="active-link"
            href="/react-capstone/missions"
          >
            Missions
          </a>
          <span
            class="line"
          >
            |
          </span>
          <a
            class="active-link"
            href="/react-capstone/myprofile"
            id="border"
          >
            My Profile
          </a>
        </div>
      </header>
    </div>
  </body>,
  "container": <div>
    <header
      class="navbar"
    >
      <div
        class="logoInfo"
      >
        <img
          alt=""
          src="planet.png"
        />
        <h1
          class="navHeader"
        >
          Space Traveller's Hub
        </h1>
      </div>
      <div
        class="links"
      >
        <a
          activeclassname="active"
          aria-current="page"
          class="active"
          href="/"
        >
          Rockets
        </a>
        <a
          class="active-link"
          href="/react-capstone/missions"
        >
          Missions
        </a>
        <span
          class="line"
        >
          |
        </span>
        <a
          class="active-link"
          href="/react-capstone/myprofile"
          id="border"
        >
          My Profile
        </a>
      </div>
    </header>
  </div>,
  "debug": [Function],
  "findAllByAltText": [Function],
  "findAllByDisplayValue": [Function],
  "findAllByLabelText": [Function],
  "findAllByPlaceholderText": [Function],
  "findAllByRole": [Function],
  "findAllByTestId": [Function],
  "findAllByText": [Function],
  "findAllByTitle": [Function],
  "findByAltText": [Function],
  "findByDisplayValue": [Function],
  "findByLabelText": [Function],
  "findByPlaceholderText": [Function],
  "findByRole": [Function],
  "findByTestId": [Function],
  "findByText": [Function],
  "findByTitle": [Function],
  "getAllByAltText": [Function],
  "getAllByDisplayValue": [Function],
  "getAllByLabelText": [Function],
  "getAllByPlaceholderText": [Function],
  "getAllByRole": [Function],
  "getAllByTestId": [Function],
  "getAllByText": [Function],
  "getAllByTitle": [Function],
  "getByAltText": [Function],
  "getByDisplayValue": [Function],
  "getByLabelText": [Function],
  "getByPlaceholderText": [Function],
  "getByRole": [Function],
  "getByTestId": [Function],
  "getByText": [Function],
  "getByTitle": [Function],
  "queryAllByAltText": [Function],
  "queryAllByDisplayValue": [Function],
  "queryAllByLabelText": [Function],
  "queryAllByPlaceholderText": [Function],
  "queryAllByRole": [Function],
  "queryAllByTestId": [Function],
  "queryAllByText": [Function],
  "queryAllByTitle": [Function],
  "queryByAltText": [Function],
  "queryByDisplayValue": [Function],
  "queryByLabelText": [Function],
  "queryByPlaceholderText": [Function],
  "queryByRole": [Function],
  "queryByTestId": [Function],
  "queryByText": [Function],
  "queryByTitle": [Function],
  "rerender": [Function],
  "unmount": [Function],
}
`;
